Test Suites: 1 passed, 1 total
Tests:       13 passed, 13 total
Snapshots:   0 total
Time:        0.278 s, estimated 1 s
Ran all test suites.
